W0326 21:52:04.126000 148827 torch/distributed/run.py:803] 
W0326 21:52:04.126000 148827 torch/distributed/run.py:803] *****************************************
W0326 21:52:04.126000 148827 torch/distributed/run.py:803] Setting OMP_NUM_THREADS environment variable for each process to be 1 in default, to avoid your system being overloaded, please further tune the variable for optimal performance in your application as needed. 
W0326 21:52:04.126000 148827 torch/distributed/run.py:803] *****************************************
logs/0abea565-7f32-491a-86bf-48aaf5f73111.txt
val_bpb:enabled tokenizer_kind=sentencepiece tokenizer_path=/workspace/parameter-golf/data/tokenizers/fineweb_1024_bpe.model
train_loader:dataset:fineweb10B_sp1024 train_shards:80
val_loader:shards pattern=/workspace/parameter-golf/data/datasets/fineweb10B_sp1024/fineweb_val_*.bin tokens:62021632
quantization:int6 (GPTQ-lite)
model_params:26993756
mtp_num_heads:0 mtp_loss_weight:0.2 mtp_params:0
XSA:last_4 active_layers:[7, 8, 9, 10]
world_size:8 grad_accum_steps:1
sdp_backends:cudnn=False flash=True mem_efficient=False math=False
attention_mode:gqa num_heads:8 num_kv_heads:4
tie_embeddings:True embed_lr:0.035 head_lr:0.0 matrix_lr:0.025 scalar_lr:0.025
train_batch_tokens:786432 train_seq_len:2048 iterations:20000 warmup_steps:20 max_wallclock_seconds:600.000
seed:1337
warmup_step:1/20
warmup_step:2/20
warmup_step:3/20
warmup_step:4/20
warmup_step:5/20
warmup_step:6/20
warmup_step:7/20
warmup_step:8/20
warmup_step:9/20
warmup_step:10/20
warmup_step:11/20
warmup_step:12/20
warmup_step:13/20
warmup_step:14/20
warmup_step:15/20
warmup_step:16/20
warmup_step:17/20
warmup_step:18/20
warmup_step:19/20
warmup_step:20/20
step:0/20000 val_loss:6.9309 val_bpb:4.1049 train_time:0ms step_avg:0.02ms
step:1/20000 train_loss:6.9317 train_time:152ms step_avg:152.23ms
step:2/20000 train_loss:8.6535 train_time:222ms step_avg:110.77ms
step:3/20000 train_loss:7.6846 train_time:318ms step_avg:105.84ms
step:4/20000 train_loss:7.2552 train_time:424ms step_avg:105.94ms
step:5/20000 train_loss:7.1509 train_time:528ms step_avg:105.69ms
step:6/20000 train_loss:7.1068 train_time:621ms step_avg:103.43ms
step:7/20000 train_loss:6.9994 train_time:717ms step_avg:102.48ms
step:8/20000 train_loss:6.9263 train_time:814ms step_avg:101.75ms
step:9/20000 train_loss:6.5607 train_time:918ms step_avg:102.03ms
step:10/20000 train_loss:6.1617 train_time:1020ms step_avg:102.02ms
step:500/20000 train_loss:2.3860 train_time:54198ms step_avg:108.40ms
step:1000/20000 train_loss:2.2651 train_time:113048ms step_avg:113.05ms
step:1500/20000 train_loss:2.2081 train_time:170394ms step_avg:113.60ms
step:2000/20000 train_loss:2.0494 train_time:228663ms step_avg:114.33ms
step:2500/20000 train_loss:2.1418 train_time:288439ms step_avg:115.38ms
step:3000/20000 train_loss:2.1201 train_time:347107ms step_avg:115.70ms
step:3500/20000 train_loss:2.1256 train_time:405457ms step_avg:115.84ms
step:4000/20000 train_loss:1.9113 train_time:463277ms step_avg:115.82ms
step:4000/20000 val_loss:2.0002 val_bpb:1.1846 train_time:463365ms step_avg:115.84ms
swa:start step:4500
step:4500/20000 train_loss:2.0521 train_time:523564ms step_avg:116.35ms
late_qat:enabled step:4618 scale:0.1499 ternary:False
step:5000/20000 train_loss:2.0237 train_time:584130ms step_avg:116.83ms
step:5135/20000 val_loss:1.9408 val_bpb:1.1495 train_time:600057ms step_avg:116.86ms
stopping_early: wallclock_cap train_time:600057ms step:5135/20000
peak memory allocated: 21472 MiB reserved: 22004 MiB
ema:applying EMA weights
DIAGNOSTIC post_ema val_loss:1.9395 val_bpb:1.1487 eval_time:1953ms
Serialized model: 106158518 bytes
Code size: 97392 bytes
Serialized model int6+lzma: 15924268 bytes
Total submission size int6+lzma: 16021660 bytes
final_int6_roundtrip val_loss:1.9533 val_bpb:1.1568 eval_time:6738ms
final_int6_roundtrip_exact val_loss:1.95327308 val_bpb:1.15683834
final_int6_sliding_window val_loss:1.9136 val_bpb:1.1333 stride:64 eval_time:92531ms
final_int6_sliding_window_exact val_loss:1.91359078 val_bpb:1.13333924
final_int8_zlib_roundtrip_exact val_loss:1.91359078 val_bpb:1.13333924
