W0326 22:04:10.985000 149804 torch/distributed/run.py:803] 
W0326 22:04:10.985000 149804 torch/distributed/run.py:803] *****************************************
W0326 22:04:10.985000 149804 torch/distributed/run.py:803] Setting OMP_NUM_THREADS environment variable for each process to be 1 in default, to avoid your system being overloaded, please further tune the variable for optimal performance in your application as needed. 
W0326 22:04:10.985000 149804 torch/distributed/run.py:803] *****************************************
logs/9a25b062-7267-4fe4-8247-1d83ebeaae45.txt
val_bpb:enabled tokenizer_kind=sentencepiece tokenizer_path=/workspace/parameter-golf/data/tokenizers/fineweb_1024_bpe.model
train_loader:dataset:fineweb10B_sp1024 train_shards:80
val_loader:shards pattern=/workspace/parameter-golf/data/datasets/fineweb10B_sp1024/fineweb_val_*.bin tokens:62021632
quantization:int6 (GPTQ-lite)
model_params:26993756
mtp_num_heads:0 mtp_loss_weight:0.2 mtp_params:0
XSA:last_4 active_layers:[7, 8, 9, 10]
world_size:8 grad_accum_steps:1
sdp_backends:cudnn=False flash=True mem_efficient=False math=False
attention_mode:gqa num_heads:8 num_kv_heads:4
tie_embeddings:True embed_lr:0.035 head_lr:0.0 matrix_lr:0.025 scalar_lr:0.025
train_batch_tokens:786432 train_seq_len:2048 iterations:20000 warmup_steps:20 max_wallclock_seconds:600.000
seed:42
warmup_step:1/20
warmup_step:2/20
warmup_step:3/20
warmup_step:4/20
warmup_step:5/20
warmup_step:6/20
warmup_step:7/20
warmup_step:8/20
warmup_step:9/20
warmup_step:10/20
warmup_step:11/20
warmup_step:12/20
warmup_step:13/20
warmup_step:14/20
warmup_step:15/20
warmup_step:16/20
warmup_step:17/20
warmup_step:18/20
warmup_step:19/20
warmup_step:20/20
step:0/20000 val_loss:6.9297 val_bpb:4.1042 train_time:0ms step_avg:0.02ms
step:1/20000 train_loss:6.9319 train_time:152ms step_avg:151.87ms
step:2/20000 train_loss:8.6254 train_time:194ms step_avg:96.81ms
step:3/20000 train_loss:7.7122 train_time:296ms step_avg:98.53ms
step:4/20000 train_loss:7.2839 train_time:397ms step_avg:99.26ms
step:5/20000 train_loss:7.1732 train_time:496ms step_avg:99.22ms
step:6/20000 train_loss:7.0090 train_time:605ms step_avg:100.79ms
step:7/20000 train_loss:6.9174 train_time:704ms step_avg:100.54ms
step:8/20000 train_loss:6.8679 train_time:805ms step_avg:100.60ms
step:9/20000 train_loss:6.5553 train_time:911ms step_avg:101.20ms
step:10/20000 train_loss:6.2090 train_time:1012ms step_avg:101.17ms
step:500/20000 train_loss:2.3961 train_time:53097ms step_avg:106.19ms
step:1000/20000 train_loss:2.2637 train_time:110065ms step_avg:110.07ms
step:1500/20000 train_loss:2.2101 train_time:166443ms step_avg:110.96ms
step:2000/20000 train_loss:2.0490 train_time:224462ms step_avg:112.23ms
step:2500/20000 train_loss:2.1429 train_time:283488ms step_avg:113.40ms
step:3000/20000 train_loss:2.1249 train_time:341683ms step_avg:113.89ms
step:3500/20000 train_loss:2.1270 train_time:400536ms step_avg:114.44ms
step:4000/20000 train_loss:1.9136 train_time:459476ms step_avg:114.87ms
step:4000/20000 val_loss:2.0016 val_bpb:1.1855 train_time:459565ms step_avg:114.89ms
step:4500/20000 train_loss:2.0535 train_time:518187ms step_avg:115.15ms
swa:start step:4550
late_qat:enabled step:4704 scale:0.1500 ternary:False
step:5000/20000 train_loss:2.0252 train_time:578015ms step_avg:115.60ms
step:5198/20000 val_loss:1.9403 val_bpb:1.1492 train_time:600051ms step_avg:115.44ms
stopping_early: wallclock_cap train_time:600051ms step:5198/20000
peak memory allocated: 21472 MiB reserved: 22004 MiB
ema:applying EMA weights
DIAGNOSTIC post_ema val_loss:1.9390 val_bpb:1.1484 eval_time:1957ms
Serialized model: 106158518 bytes
Code size: 97392 bytes
Serialized model int6+lzma: 15831512 bytes
Total submission size int6+lzma: 15928904 bytes
final_int6_roundtrip val_loss:1.9524 val_bpb:1.1563 eval_time:5844ms
final_int6_roundtrip_exact val_loss:1.95237150 val_bpb:1.15630438
final_int6_sliding_window val_loss:1.9128 val_bpb:1.1329 stride:64 eval_time:73922ms
final_int6_sliding_window_exact val_loss:1.91281560 val_bpb:1.13288014
final_int8_zlib_roundtrip_exact val_loss:1.91281560 val_bpb:1.13288014
