W0326 22:16:40.192000 150742 torch/distributed/run.py:803] 
W0326 22:16:40.192000 150742 torch/distributed/run.py:803] *****************************************
W0326 22:16:40.192000 150742 torch/distributed/run.py:803] Setting OMP_NUM_THREADS environment variable for each process to be 1 in default, to avoid your system being overloaded, please further tune the variable for optimal performance in your application as needed. 
W0326 22:16:40.192000 150742 torch/distributed/run.py:803] *****************************************
logs/ec2a7386-f2e2-4539-b322-8a3a8039456d.txt
val_bpb:enabled tokenizer_kind=sentencepiece tokenizer_path=/workspace/parameter-golf/data/tokenizers/fineweb_1024_bpe.model
train_loader:dataset:fineweb10B_sp1024 train_shards:80
val_loader:shards pattern=/workspace/parameter-golf/data/datasets/fineweb10B_sp1024/fineweb_val_*.bin tokens:62021632
quantization:int6 (GPTQ-lite)
model_params:26993756
mtp_num_heads:0 mtp_loss_weight:0.2 mtp_params:0
XSA:last_4 active_layers:[7, 8, 9, 10]
world_size:8 grad_accum_steps:1
sdp_backends:cudnn=False flash=True mem_efficient=False math=False
attention_mode:gqa num_heads:8 num_kv_heads:4
tie_embeddings:True embed_lr:0.035 head_lr:0.0 matrix_lr:0.025 scalar_lr:0.025
train_batch_tokens:786432 train_seq_len:2048 iterations:20000 warmup_steps:20 max_wallclock_seconds:600.000
seed:2025
warmup_step:1/20
warmup_step:2/20
warmup_step:3/20
warmup_step:4/20
warmup_step:5/20
warmup_step:6/20
warmup_step:7/20
warmup_step:8/20
warmup_step:9/20
warmup_step:10/20
warmup_step:11/20
warmup_step:12/20
warmup_step:13/20
warmup_step:14/20
warmup_step:15/20
warmup_step:16/20
warmup_step:17/20
warmup_step:18/20
warmup_step:19/20
warmup_step:20/20
step:0/20000 val_loss:6.9277 val_bpb:4.1030 train_time:0ms step_avg:0.02ms
step:1/20000 train_loss:6.9281 train_time:153ms step_avg:152.60ms
step:2/20000 train_loss:8.6097 train_time:214ms step_avg:106.78ms
step:3/20000 train_loss:7.6978 train_time:310ms step_avg:103.49ms
step:4/20000 train_loss:7.2941 train_time:407ms step_avg:101.83ms
step:5/20000 train_loss:7.1366 train_time:512ms step_avg:102.42ms
step:6/20000 train_loss:7.0597 train_time:610ms step_avg:101.68ms
step:7/20000 train_loss:6.9507 train_time:712ms step_avg:101.74ms
step:8/20000 train_loss:6.9319 train_time:819ms step_avg:102.44ms
step:9/20000 train_loss:6.6155 train_time:919ms step_avg:102.11ms
step:10/20000 train_loss:6.2143 train_time:1028ms step_avg:102.80ms
step:500/20000 train_loss:2.3899 train_time:55371ms step_avg:110.74ms
step:1000/20000 train_loss:2.2652 train_time:113061ms step_avg:113.06ms
step:1500/20000 train_loss:2.2129 train_time:171721ms step_avg:114.48ms
step:2000/20000 train_loss:2.0475 train_time:232684ms step_avg:116.34ms
step:2500/20000 train_loss:2.1456 train_time:293079ms step_avg:117.23ms
step:3000/20000 train_loss:2.1196 train_time:353397ms step_avg:117.80ms
step:3500/20000 train_loss:2.1212 train_time:414764ms step_avg:118.50ms
step:4000/20000 train_loss:1.9100 train_time:472585ms step_avg:118.15ms
step:4000/20000 val_loss:1.9972 val_bpb:1.1829 train_time:472667ms step_avg:118.17ms
swa:start step:4400
step:4500/20000 train_loss:2.0469 train_time:533350ms step_avg:118.52ms
late_qat:enabled step:4553 scale:0.1499 ternary:False
step:5000/20000 train_loss:2.0222 train_time:597388ms step_avg:119.48ms
step:5030/20000 val_loss:1.9428 val_bpb:1.1507 train_time:600049ms step_avg:119.29ms
stopping_early: wallclock_cap train_time:600049ms step:5030/20000
peak memory allocated: 21472 MiB reserved: 22004 MiB
ema:applying EMA weights
DIAGNOSTIC post_ema val_loss:1.9415 val_bpb:1.1499 eval_time:1959ms
Serialized model: 106158518 bytes
Code size: 97392 bytes
Serialized model int6+lzma: 15795864 bytes
Total submission size int6+lzma: 15893256 bytes
final_int6_roundtrip val_loss:1.9548 val_bpb:1.1578 eval_time:6631ms
final_int6_roundtrip_exact val_loss:1.95484125 val_bpb:1.15776710
